119.131.143.172 - - [11/Jan/2016:23:43:40 +0800] "POST /index.php/action/contents-post-edit?_=37a4d2e56eea7e9eabcfe76f963581d1 HTTP/1.1" 200 56 "http://winecat.me/admin/write-post.php" "Mozilla/5.0 (Macintosh; Intel Mac OS X 10_11_2) AppleWebKit/537.36 (KHTML, like Gecko) Chrome/47.0.2526.106 Safari/537.36"
119.131.143.172 - - [11/Jan/2016:23:44:51 +0800] "POST /index.php/action/contents-post-edit?_=37a4d2e56eea7e9eabcfe76f963581d1 HTTP/1.1" 200 56 "http://winecat.me/admin/write-post.php" "Mozilla/5.0 (Macintosh; Intel Mac OS X 10_11_2) AppleWebKit/537.36 (KHTML, like Gecko) Chrome/47.0.2526.106 Safari/537.36"
183.79.221.200 - - [11/Jan/2016:23:44:55 +0800] "GET /index.php/action/xmlrpc?wlw HTTP/1.0" 200 1408 "-" "Y!J-ASR/0.1 crawler (http://www.yahoo-help.jp/app/answers/detail/p/595/a_id/42716/)"
119.131.143.172 - - [11/Jan/2016:23:45:10 +0800] "POST /index.php/action/contents-post-edit?_=37a4d2e56eea7e9eabcfe76f963581d1 HTTP/1.1" 200 56 "http://winecat.me/admin/write-post.php" "Mozilla/5.0 (Macintosh; Intel Mac OS X 10_11_2) AppleWebKit/537.36 (KHTML, like Gecko) Chrome/47.0.2526.106 Safari/537.36"
119.131.143.172 - - [11/Jan/2016:23:45:20 +0800] "POST /index.php/action/contents-post-edit?_=37a4d2e56eea7e9eabcfe76f963581d1 HTTP/1.1" 200 56 "http://winecat.me/admin/write-post.php" "Mozilla/5.0 (Macintosh; Intel Mac OS X 10_11_2) AppleWebKit/537.36 (KHTML, like Gecko) Chrome/47.0.2526.106 Safari/537.36"
119.131.143.172 - - [11/Jan/2016:23:45:34 +0800] "POST /index.php/action/contents-post-edit?_=37a4d2e56eea7e9eabcfe76f963581d1 HTTP/1.1" 200 56 "http://winecat.me/admin/write-post.php" "Mozilla/5.0 (Macintosh; Intel Mac OS X 10_11_2) AppleWebKit/537.36 (KHTML, like Gecko) Chrome/47.0.2526.106 Safari/537.36"
119.131.143.172 - - [11/Jan/2016:23:45:50 +0800] "POST /index.php/action/contents-post-edit?_=37a4d2e56eea7e9eabcfe76f963581d1 HTTP/1.1" 200 56 "http://winecat.me/admin/write-post.php" "Mozilla/5.0 (Macintosh; Intel Mac OS X 10_11_2) AppleWebKit/537.36 (KHTML, like Gecko) Chrome/47.0.2526.106 Safari/537.36"
119.131.143.172 - - [11/Jan/2016:23:46:00 +0800] "POST /index.php/action/contents-post-edit?_=37a4d2e56eea7e9eabcfe76f963581d1 HTTP/1.1" 200 56 "http://winecat.me/admin/write-post.php" "Mozilla/5.0 (Macintosh; Intel Mac OS X 10_11_2) AppleWebKit/537.36 (KHTML, like Gecko) Chrome/47.0.2526.106 Safari/537.36"
119.131.143.172 - - [11/Jan/2016:23:46:10 +0800] "POST /index.php/action/contents-post-edit?_=37a4d2e56eea7e9eabcfe76f963581d1 HTTP/1.1" 200 56 "http://winecat.me/admin/write-post.php" "Mozilla/5.0 (Macintosh; Intel Mac OS X 10_11_2) AppleWebKit/537.36 (KHTML, like Gecko) Chrome/47.0.2526.106 Safari/537.36"
119.131.143.172 - - [11/Jan/2016:23:47:52 +0800] "POST /index.php/action/contents-post-edit?_=37a4d2e56eea7e9eabcfe76f963581d1 HTTP/1.1" 200 56 "http://winecat.me/admin/write-post.php" "Mozilla/5.0 (Macintosh; Intel Mac OS X 10_11_2) AppleWebKit/537.36 (KHTML, like Gecko) Chrome/47.0.2526.106 Safari/537.36"
119.131.143.172 - - [11/Jan/2016:23:49:00 +0800] "POST /index.php/action/contents-post-edit?_=37a4d2e56eea7e9eabcfe76f963581d1 HTTP/1.1" 200 56 "http://winecat.me/admin/write-post.php" "Mozilla/5.0 (Macintosh; Intel Mac OS X 10_11_2) AppleWebKit/537.36 (KHTML, like Gecko) Chrome/47.0.2526.106 Safari/537.36"
119.131.143.172 - - [11/Jan/2016:23:49:13 +0800] "POST /index.php/action/contents-attachment-edit?_=37a4d2e56eea7e9eabcfe76f963581d1 HTTP/1.1" 200 78 "http://winecat.me/admin/write-post.php" "Mozilla/5.0 (Macintosh; Intel Mac OS X 10_11_2) AppleWebKit/537.36 (KHTML, like Gecko) Chrome/47.0.2526.106 Safari/537.36"
183.79.221.200 - - [11/Jan/2016:23:49:15 +0800] "GET /index.php/2015/11/ HTTP/1.0" 200 8313 "-" "Y!J-ASR/0.1 crawler (http://www.yahoo-help.jp/app/answers/detail/p/595/a_id/42716/)"
119.131.143.172 - - [11/Jan/2016:23:49:21 +0800] "POST /index.php/action/contents-post-edit?_=37a4d2e56eea7e9eabcfe76f963581d1 HTTP/1.1" 200 56 "http://winecat.me/admin/write-post.php" "Mozilla/5.0 (Macintosh; Intel Mac OS X 10_11_2) AppleWebKit/537.36 (KHTML, like Gecko) Chrome/47.0.2526.106 Safari/537.36"
119.131.143.172 - - [11/Jan/2016:23:49:41 +0800] "POST /index.php/action/contents-post-edit?_=37a4d2e56eea7e9eabcfe76f963581d1 HTTP/1.1" 200 56 "http://winecat.me/admin/write-post.php" "Mozilla/5.0 (Macintosh; Intel Mac OS X 10_11_2) AppleWebKit/537.36 (KHTML, like Gecko) Chrome/47.0.2526.106 Safari/537.36"
119.131.143.172 - - [11/Jan/2016:23:49:51 +0800] "POST /index.php/action/contents-post-edit?_=37a4d2e56eea7e9eabcfe76f963581d1 HTTP/1.1" 200 56 "http://winecat.me/admin/write-post.php" "Mozilla/5.0 (Macintosh; Intel Mac OS X 10_11_2) AppleWebKit/537.36 (KHTML, like Gecko) Chrome/47.0.2526.106 Safari/537.36"
119.131.143.172 - - [11/Jan/2016:23:50:01 +0800] "POST /index.php/action/contents-post-edit?_=37a4d2e56eea7e9eabcfe76f963581d1 HTTP/1.1" 200 56 "http://winecat.me/admin/write-post.php" "Mozilla/5.0 (Macintosh; Intel Mac OS X 10_11_2) AppleWebKit/537.36 (KHTML, like Gecko) Chrome/47.0.2526.106 Safari/537.36"
119.131.143.172 - - [11/Jan/2016:23:50:14 +0800] "POST /index.php/action/upload?_=37a4d2e56eea7e9eabcfe76f963581d1 HTTP/1.1" 200 322 "http://winecat.me/admin/write-post.php" "Mozilla/5.0 (Macintosh; Intel Mac OS X 10_11_2) AppleWebKit/537.36 (KHTML, like Gecko) Chrome/47.0.2526.106 Safari/537.36"
119.131.143.172 - - [11/Jan/2016:23:50:18 +0800] "GET /usr/uploads/2016/01/3277901955.jpg HTTP/1.1" 200 301735 "http://winecat.me/admin/write-post.php" "Mozilla/5.0 (Macintosh; Intel Mac OS X 10_11_2) AppleWebKit/537.36 (KHTML, like Gecko) Chrome/47.0.2526.106 Safari/537.36"
119.131.143.172 - - [11/Jan/2016:23:50:22 +0800] "POST /index.php/action/contents-post-edit?_=37a4d2e56eea7e9eabcfe76f963581d1 HTTP/1.1" 200 56 "http://winecat.me/admin/write-post.php" "Mozilla/5.0 (Macintosh; Intel Mac OS X 10_11_2) AppleWebKit/537.36 (KHTML, like Gecko) Chrome/47.0.2526.106 Safari/537.36"
119.131.143.172 - - [11/Jan/2016:23:50:31 +0800] "POST /index.php/action/contents-post-edit?_=37a4d2e56eea7e9eabcfe76f963581d1 HTTP/1.1" 200 56 "http://winecat.me/admin/write-post.php" "Mozilla/5.0 (Macintosh; Intel Mac OS X 10_11_2) AppleWebKit/537.36 (KHTML, like Gecko) Chrome/47.0.2526.106 Safari/537.36"
119.131.143.172 - - [11/Jan/2016:23:50:41 +0800] "POST /index.php/action/contents-post-edit?_=37a4d2e56eea7e9eabcfe76f963581d1 HTTP/1.1" 200 56 "http://winecat.me/admin/write-post.php" "Mozilla/5.0 (Macintosh; Intel Mac OS X 10_11_2) AppleWebKit/537.36 (KHTML, like Gecko) Chrome/47.0.2526.106 Safari/537.36"
119.131.143.172 - - [11/Jan/2016:23:50:51 +0800] "POST /index.php/action/contents-post-edit?_=37a4d2e56eea7e9eabcfe76f963581d1 HTTP/1.1" 200 56 "http://winecat.me/admin/write-post.php" "Mozilla/5.0 (Macintosh; Intel Mac OS X 10_11_2) AppleWebKit/537.36 (KHTML, like Gecko) Chrome/47.0.2526.106 Safari/537.36"
127.0.0.1 - - [11/Jan/2016:23:50:58 +0800] "POST /index.php/action/service HTTP/1.1" 302 5 "-" "Typecho 1.0/14.10.10"
119.131.143.172 - - [11/Jan/2016:23:50:58 +0800] "POST /index.php/action/contents-post-edit?_=37a4d2e56eea7e9eabcfe76f963581d1 HTTP/1.1" 302 5 "http://winecat.me/admin/write-post.php" "Mozilla/5.0 (Macintosh; Intel Mac OS X 10_11_2) AppleWebKit/537.36 (KHTML, like Gecko) Chrome/47.0.2526.106 Safari/537.36"
119.131.143.172 - - [11/Jan/2016:23:50:58 +0800] "GET /admin/manage-posts.php?page=1 HTTP/1.1" 200 5756 "http://winecat.me/admin/write-post.php" "Mozilla/5.0 (Macintosh; Intel Mac OS X 10_11_2) AppleWebKit/537.36 (KHTML, like Gecko) Chrome/47.0.2526.106 Safari/537.36"
119.131.143.172 - - [11/Jan/2016:23:51:02 +0800] "GET / HTTP/1.1" 200 4579 "http://winecat.me/admin/manage-posts.php?page=1" "Mozilla/5.0 (Macintosh; Intel Mac OS X 10_11_2) AppleWebKit/537.36 (KHTML, like Gecko) Chrome/47.0.2526.106 Safari/537.36"
119.131.143.172 - - [11/Jan/2016:23:51:02 +0800] "GET /usr/uploads/2016/01/3277901955.jpg HTTP/1.1" 304 0 "http://www.winecat.me/" "Mozilla/5.0 (Macintosh; Intel Mac OS X 10_11_2) AppleWebKit/537.36 (KHTML, like Gecko) Chrome/47.0.2526.106 Safari/537.36"
119.131.143.172 - - [11/Jan/2016:23:51:05 +0800] "GET /index.php/archives/96/ HTTP/1.1" 200 5569 "http://www.winecat.me/" "Mozilla/5.0 (Macintosh; Intel Mac OS X 10_11_2) AppleWebKit/537.36 (KHTML, like Gecko) Chrome/47.0.2526.106 Safari/537.36"
119.131.143.172 - - [11/Jan/2016:23:51:28 +0800] "GET /admin/write-post.php?cid=96 HTTP/1.1" 200 15790 "http://winecat.me/admin/manage-posts.php?page=1" "Mozilla/5.0 (Macintosh; Intel Mac OS X 10_11_2) AppleWebKit/537.36 (KHTML, like Gecko) Chrome/47.0.2526.106 Safari/537.36"
119.131.143.172 - - [11/Jan/2016:23:51:29 +0800] "GET /usr/uploads/2016/01/3277901955.jpg HTTP/1.1" 304 0 "http://winecat.me/admin/write-post.php?cid=96" "Mozilla/5.0 (Macintosh; Intel Mac OS X 10_11_2) AppleWebKit/537.36 (KHTML, like Gecko) Chrome/47.0.2526.106 Safari/537.36"
119.131.143.172 - - [11/Jan/2016:23:52:09 +0800] "POST /index.php/action/contents-post-edit?_=d336122be4dc9d8d136b758dc056f450 HTTP/1.1" 200 56 "http://winecat.me/admin/write-post.php?cid=96" "Mozilla/5.0 (Macintosh; Intel Mac OS X 10_11_2) AppleWebKit/537.36 (KHTML, like Gecko) Chrome/47.0.2526.106 Safari/537.36"
119.131.143.172 - - [11/Jan/2016:23:52:19 +0800] "POST /index.php/action/contents-post-edit?_=d336122be4dc9d8d136b758dc056f450 HTTP/1.1" 200 56 "http://winecat.me/admin/write-post.php?cid=96" "Mozilla/5.0 (Macintosh; Intel Mac OS X 10_11_2) AppleWebKit/537.36 (KHTML, like Gecko) Chrome/47.0.2526.106 Safari/537.36"
119.131.143.172 - - [11/Jan/2016:23:52:29 +0800] "POST /index.php/action/contents-post-edit?_=d336122be4dc9d8d136b758dc056f450 HTTP/1.1" 200 56 "http://winecat.me/admin/write-post.php?cid=96" "Mozilla/5.0 (Macintosh; Intel Mac OS X 10_11_2) AppleWebKit/537.36 (KHTML, like Gecko) Chrome/47.0.2526.106 Safari/537.36"
127.0.0.1 - - [11/Jan/2016:23:52:33 +0800] "POST /index.php/action/service HTTP/1.1" 302 5 "-" "Typecho 1.0/14.10.10"
119.131.143.172 - - [11/Jan/2016:23:52:33 +0800] "POST /index.php/action/contents-post-edit?_=d336122be4dc9d8d136b758dc056f450 HTTP/1.1" 302 5 "http://winecat.me/admin/write-post.php?cid=96" "Mozilla/5.0 (Macintosh; Intel Mac OS X 10_11_2) AppleWebKit/537.36 (KHTML, like Gecko) Chrome/47.0.2526.106 Safari/537.36"
119.131.143.172 - - [11/Jan/2016:23:52:34 +0800] "GET /admin/manage-posts.php?page=1 HTTP/1.1" 200 5756 "http://winecat.me/admin/write-post.php?cid=96" "Mozilla/5.0 (Macintosh; Intel Mac OS X 10_11_2) AppleWebKit/537.36 (KHTML, like Gecko) Chrome/47.0.2526.106 Safari/537.36"
119.131.143.172 - - [11/Jan/2016:23:52:35 +0800] "GET /index.php/archives/96/ HTTP/1.1" 200 5583 "http://www.winecat.me/" "Mozilla/5.0 (Macintosh; Intel Mac OS X 10_11_2) AppleWebKit/537.36 (KHTML, like Gecko) Chrome/47.0.2526.106 Safari/537.36"
119.131.143.172 - - [11/Jan/2016:23:52:36 +0800] "GET /usr/themes/default/grid.css HTTP/1.1" 304 0 "http://www.winecat.me/index.php/archives/96/" "Mozilla/5.0 (Macintosh; Intel Mac OS X 10_11_2) AppleWebKit/537.36 (KHTML, like Gecko) Chrome/47.0.2526.106 Safari/537.36"
119.131.143.172 - - [11/Jan/2016:23:52:36 +0800] "GET /usr/themes/default/style.css HTTP/1.1" 304 0 "http://www.winecat.me/index.php/archives/96/" "Mozilla/5.0 (Macintosh; Intel Mac OS X 10_11_2) AppleWebKit/537.36 (KHTML, like Gecko) Chrome/47.0.2526.106 Safari/537.36"
119.131.143.172 - - [11/Jan/2016:23:52:36 +0800] "GET /usr/uploads/2016/01/3277901955.jpg HTTP/1.1" 304 0 "http://www.winecat.me/index.php/archives/96/" "Mozilla/5.0 (Macintosh; Intel Mac OS X 10_11_2) AppleWebKit/537.36 (KHTML, like Gecko) Chrome/47.0.2526.106 Safari/537.36"
119.131.143.172 - - [11/Jan/2016:23:52:40 +0800] "GET /usr/themes/default/img/icon-search.png HTTP/1.1" 304 0 "http://www.winecat.me/index.php/archives/96/" "Mozilla/5.0 (Macintosh; Intel Mac OS X 10_11_2) AppleWebKit/537.36 (KHTML, like Gecko) Chrome/47.0.2526.106 Safari/537.36"
119.131.143.172 - - [11/Jan/2016:23:52:40 +0800] "GET /favicon.ico HTTP/1.1" 200 4286 "http://www.winecat.me/index.php/archives/96/" "Mozilla/5.0 (Macintosh; Intel Mac OS X 10_11_2) AppleWebKit/537.36 (KHTML, like Gecko) Chrome/47.0.2526.106 Safari/537.36"
119.131.143.172 - - [11/Jan/2016:23:53:27 +0800] "GET /admin/write-post.php?cid=96 HTTP/1.1" 200 15794 "http://winecat.me/admin/manage-posts.php?page=1" "Mozilla/5.0 (Macintosh; Intel Mac OS X 10_11_2) AppleWebKit/537.36 (KHTML, like Gecko) Chrome/47.0.2526.106 Safari/537.36"
119.131.143.172 - - [11/Jan/2016:23:53:27 +0800] "GET /usr/uploads/2016/01/3277901955.jpg HTTP/1.1" 304 0 "http://winecat.me/admin/write-post.php?cid=96" "Mozilla/5.0 (Macintosh; Intel Mac OS X 10_11_2) AppleWebKit/537.36 (KHTML, like Gecko) Chrome/47.0.2526.106 Safari/537.36"
119.131.143.172 - - [11/Jan/2016:23:53:37 +0800] "POST /index.php/action/contents-post-edit?_=d336122be4dc9d8d136b758dc056f450 HTTP/1.1" 200 56 "http://winecat.me/admin/write-post.php?cid=96" "Mozilla/5.0 (Macintosh; Intel Mac OS X 10_11_2) AppleWebKit/537.36 (KHTML, like Gecko) Chrome/47.0.2526.106 Safari/537.36"
119.131.143.172 - - [11/Jan/2016:23:53:47 +0800] "POST /index.php/action/contents-post-edit?_=d336122be4dc9d8d136b758dc056f450 HTTP/1.1" 200 56 "http://winecat.me/admin/write-post.php?cid=96" "Mozilla/5.0 (Macintosh; Intel Mac OS X 10_11_2) AppleWebKit/537.36 (KHTML, like Gecko) Chrome/47.0.2526.106 Safari/537.36"
127.0.0.1 - - [11/Jan/2016:23:53:49 +0800] "POST /index.php/action/service HTTP/1.1" 302 5 "-" "Typecho 1.0/14.10.10"
119.131.143.172 - - [11/Jan/2016:23:53:49 +0800] "POST /index.php/action/contents-post-edit?_=d336122be4dc9d8d136b758dc056f450 HTTP/1.1" 302 5 "http://winecat.me/admin/write-post.php?cid=96" "Mozilla/5.0 (Macintosh; Intel Mac OS X 10_11_2) AppleWebKit/537.36 (KHTML, like Gecko) Chrome/47.0.2526.106 Safari/537.36"
119.131.143.172 - - [11/Jan/2016:23:53:49 +0800] "GET /admin/manage-posts.php?page=1 HTTP/1.1" 200 5754 "http://winecat.me/admin/write-post.php?cid=96" "Mozilla/5.0 (Macintosh; Intel Mac OS X 10_11_2) AppleWebKit/537.36 (KHTML, like Gecko) Chrome/47.0.2526.106 Safari/537.36"
119.131.143.172 - - [11/Jan/2016:23:53:51 +0800] "GET /index.php/archives/96/ HTTP/1.1" 200 5630 "http://www.winecat.me/" "Mozilla/5.0 (Macintosh; Intel Mac OS X 10_11_2) AppleWebKit/537.36 (KHTML, like Gecko) Chrome/47.0.2526.106 Safari/537.36"
119.131.143.172 - - [11/Jan/2016:23:53:52 +0800] "GET /usr/themes/default/grid.css HTTP/1.1" 304 0 "http://www.winecat.me/index.php/archives/96/" "Mozilla/5.0 (Macintosh; Intel Mac OS X 10_11_2) AppleWebKit/537.36 (KHTML, like Gecko) Chrome/47.0.2526.106 Safari/537.36"
119.131.143.172 - - [11/Jan/2016:23:53:52 +0800] "GET /usr/themes/default/style.css HTTP/1.1" 304 0 "http://www.winecat.me/index.php/archives/96/" "Mozilla/5.0 (Macintosh; Intel Mac OS X 10_11_2) AppleWebKit/537.36 (KHTML, like Gecko) Chrome/47.0.2526.106 Safari/537.36"
119.131.143.172 - - [11/Jan/2016:23:53:52 +0800] "GET /usr/uploads/2016/01/3277901955.jpg HTTP/1.1" 304 0 "http://www.winecat.me/index.php/archives/96/" "Mozilla/5.0 (Macintosh; Intel Mac OS X 10_11_2) AppleWebKit/537.36 (KHTML, like Gecko) Chrome/47.0.2526.106 Safari/537.36"
119.131.143.172 - - [11/Jan/2016:23:53:52 +0800] "GET /usr/themes/default/img/icon-search.png HTTP/1.1" 304 0 "http://www.winecat.me/index.php/archives/96/" "Mozilla/5.0 (Macintosh; Intel Mac OS X 10_11_2) AppleWebKit/537.36 (KHTML, like Gecko) Chrome/47.0.2526.106 Safari/537.36"
119.131.143.172 - - [11/Jan/2016:23:53:52 +0800] "GET /favicon.ico HTTP/1.1" 200 4286 "http://www.winecat.me/index.php/archives/96/" "Mozilla/5.0 (Macintosh; Intel Mac OS X 10_11_2) AppleWebKit/537.36 (KHTML, like Gecko) Chrome/47.0.2526.106 Safari/537.36"
119.131.143.172 - - [11/Jan/2016:23:53:54 +0800] "GET /index.php/archives/96/ HTTP/1.1" 200 5627 "http://www.winecat.me/" "Mozilla/5.0 (Macintosh; Intel Mac OS X 10_11_2) AppleWebKit/537.36 (KHTML, like Gecko) Chrome/47.0.2526.106 Safari/537.36"
119.131.143.172 - - [11/Jan/2016:23:53:54 +0800] "GET /usr/themes/default/grid.css HTTP/1.1" 304 0 "http://www.winecat.me/index.php/archives/96/" "Mozilla/5.0 (Macintosh; Intel Mac OS X 10_11_2) AppleWebKit/537.36 (KHTML, like Gecko) Chrome/47.0.2526.106 Safari/537.36"
119.131.143.172 - - [11/Jan/2016:23:53:54 +0800] "GET /usr/themes/default/style.css HTTP/1.1" 304 0 "http://www.winecat.me/index.php/archives/96/" "Mozilla/5.0 (Macintosh; Intel Mac OS X 10_11_2) AppleWebKit/537.36 (KHTML, like Gecko) Chrome/47.0.2526.106 Safari/537.36"
119.131.143.172 - - [11/Jan/2016:23:53:54 +0800] "GET /usr/uploads/2016/01/3277901955.jpg HTTP/1.1" 304 0 "http://www.winecat.me/index.php/archives/96/" "Mozilla/5.0 (Macintosh; Intel Mac OS X 10_11_2) AppleWebKit/537.36 (KHTML, like Gecko) Chrome/47.0.2526.106 Safari/537.36"
119.131.143.172 - - [11/Jan/2016:23:53:54 +0800] "GET /usr/themes/default/img/icon-search.png HTTP/1.1" 304 0 "http://www.winecat.me/index.php/archives/96/" "Mozilla/5.0 (Macintosh; Intel Mac OS X 10_11_2) AppleWebKit/537.36 (KHTML, like Gecko) Chrome/47.0.2526.106 Safari/537.36"
119.131.143.172 - - [11/Jan/2016:23:53:54 +0800] "GET /favicon.ico HTTP/1.1" 200 4286 "http://www.winecat.me/index.php/archives/96/" "Mozilla/5.0 (Macintosh; Intel Mac OS X 10_11_2) AppleWebKit/537.36 (KHTML, like Gecko) Chrome/47.0.2526.106 Safari/537.36"
119.131.143.172 - - [11/Jan/2016:23:54:06 +0800] "GET /admin/write-post.php?cid=96 HTTP/1.1" 200 15792 "http://winecat.me/admin/manage-posts.php?page=1" "Mozilla/5.0 (Macintosh; Intel Mac OS X 10_11_2) AppleWebKit/537.36 (KHTML, like Gecko) Chrome/47.0.2526.106 Safari/537.36"
127.0.0.1 - - [11/Jan/2016:23:54:15 +0800] "POST /index.php/action/service HTTP/1.1" 302 5 "-" "Typecho 1.0/14.10.10"
119.131.143.172 - - [11/Jan/2016:23:54:15 +0800] "POST /index.php/action/contents-post-edit?_=d336122be4dc9d8d136b758dc056f450 HTTP/1.1" 302 5 "http://winecat.me/admin/write-post.php?cid=96" "Mozilla/5.0 (Macintosh; Intel Mac OS X 10_11_2) AppleWebKit/537.36 (KHTML, like Gecko) Chrome/47.0.2526.106 Safari/537.36"
119.131.143.172 - - [11/Jan/2016:23:54:15 +0800] "GET /admin/manage-posts.php?page=1 HTTP/1.1" 200 5754 "http://winecat.me/admin/write-post.php?cid=96" "Mozilla/5.0 (Macintosh; Intel Mac OS X 10_11_2) AppleWebKit/537.36 (KHTML, like Gecko) Chrome/47.0.2526.106 Safari/537.36"
119.131.143.172 - - [11/Jan/2016:23:54:17 +0800] "GET /index.php/archives/96/ HTTP/1.1" 200 5548 "http://www.winecat.me/" "Mozilla/5.0 (Macintosh; Intel Mac OS X 10_11_2) AppleWebKit/537.36 (KHTML, like Gecko) Chrome/47.0.2526.106 Safari/537.36"
119.131.143.172 - - [11/Jan/2016:23:54:18 +0800] "GET /usr/themes/default/grid.css HTTP/1.1" 304 0 "http://www.winecat.me/index.php/archives/96/" "Mozilla/5.0 (Macintosh; Intel Mac OS X 10_11_2) AppleWebKit/537.36 (KHTML, like Gecko) Chrome/47.0.2526.106 Safari/537.36"
119.131.143.172 - - [11/Jan/2016:23:54:18 +0800] "GET /usr/themes/default/style.css HTTP/1.1" 304 0 "http://www.winecat.me/index.php/archives/96/" "Mozilla/5.0 (Macintosh; Intel Mac OS X 10_11_2) AppleWebKit/537.36 (KHTML, like Gecko) Chrome/47.0.2526.106 Safari/537.36"
119.131.143.172 - - [11/Jan/2016:23:54:18 +0800] "GET /usr/themes/default/img/icon-search.png HTTP/1.1" 304 0 "http://www.winecat.me/index.php/archives/96/" "Mozilla/5.0 (Macintosh; Intel Mac OS X 10_11_2) AppleWebKit/537.36 (KHTML, like Gecko) Chrome/47.0.2526.106 Safari/537.36"
119.131.143.172 - - [11/Jan/2016:23:54:18 +0800] "GET /favicon.ico HTTP/1.1" 200 4286 "http://www.winecat.me/index.php/archives/96/" "Mozilla/5.0 (Macintosh; Intel Mac OS X 10_11_2) AppleWebKit/537.36 (KHTML, like Gecko) Chrome/47.0.2526.106 Safari/537.36"
119.131.143.172 - - [11/Jan/2016:23:54:29 +0800] "GET /admin/write-post.php?cid=96 HTTP/1.1" 200 15809 "http://winecat.me/admin/manage-posts.php?page=1" "Mozilla/5.0 (Macintosh; Intel Mac OS X 10_11_2) AppleWebKit/537.36 (KHTML, like Gecko) Chrome/47.0.2526.106 Safari/537.36"
119.131.143.172 - - [11/Jan/2016:23:54:33 +0800] "GET /usr/uploads/2016/01/3277901955.jpg HTTP/1.1" 304 0 "http://winecat.me/admin/write-post.php?cid=96" "Mozilla/5.0 (Macintosh; Intel Mac OS X 10_11_2) AppleWebKit/537.36 (KHTML, like Gecko) Chrome/47.0.2526.106 Safari/537.36"
127.0.0.1 - - [11/Jan/2016:23:54:36 +0800] "POST /index.php/action/service HTTP/1.1" 302 5 "-" "Typecho 1.0/14.10.10"
119.131.143.172 - - [11/Jan/2016:23:54:36 +0800] "POST /index.php/action/contents-post-edit?_=d336122be4dc9d8d136b758dc056f450 HTTP/1.1" 302 5 "http://winecat.me/admin/write-post.php?cid=96" "Mozilla/5.0 (Macintosh; Intel Mac OS X 10_11_2) AppleWebKit/537.36 (KHTML, like Gecko) Chrome/47.0.2526.106 Safari/537.36"
119.131.143.172 - - [11/Jan/2016:23:54:36 +0800] "GET /admin/manage-posts.php?page=1 HTTP/1.1" 200 5754 "http://winecat.me/admin/write-post.php?cid=96" "Mozilla/5.0 (Macintosh; Intel Mac OS X 10_11_2) AppleWebKit/537.36 (KHTML, like Gecko) Chrome/47.0.2526.106 Safari/537.36"
119.131.143.172 - - [11/Jan/2016:23:54:38 +0800] "GET /index.php/archives/96/ HTTP/1.1" 200 5652 "http://www.winecat.me/" "Mozilla/5.0 (Macintosh; Intel Mac OS X 10_11_2) AppleWebKit/537.36 (KHTML, like Gecko) Chrome/47.0.2526.106 Safari/537.36"
119.131.143.172 - - [11/Jan/2016:23:54:38 +0800] "GET /usr/themes/default/grid.css HTTP/1.1" 304 0 "http://www.winecat.me/index.php/archives/96/" "Mozilla/5.0 (Macintosh; Intel Mac OS X 10_11_2) AppleWebKit/537.36 (KHTML, like Gecko) Chrome/47.0.2526.106 Safari/537.36"
119.131.143.172 - - [11/Jan/2016:23:54:38 +0800] "GET /usr/themes/default/style.css HTTP/1.1" 304 0 "http://www.winecat.me/index.php/archives/96/" "Mozilla/5.0 (Macintosh; Intel Mac OS X 10_11_2) AppleWebKit/537.36 (KHTML, like Gecko) Chrome/47.0.2526.106 Safari/537.36"
119.131.143.172 - - [11/Jan/2016:23:54:38 +0800] "GET /usr/uploads/2016/01/3277901955.jpg HTTP/1.1" 304 0 "http://www.winecat.me/index.php/archives/96/" "Mozilla/5.0 (Macintosh; Intel Mac OS X 10_11_2) AppleWebKit/537.36 (KHTML, like Gecko) Chrome/47.0.2526.106 Safari/537.36"
119.131.143.172 - - [11/Jan/2016:23:54:38 +0800] "GET /usr/themes/default/img/icon-search.png HTTP/1.1" 304 0 "http://www.winecat.me/index.php/archives/96/" "Mozilla/5.0 (Macintosh; Intel Mac OS X 10_11_2) AppleWebKit/537.36 (KHTML, like Gecko) Chrome/47.0.2526.106 Safari/537.36"
119.131.143.172 - - [11/Jan/2016:23:54:38 +0800] "GET /favicon.ico HTTP/1.1" 200 4286 "http://www.winecat.me/index.php/archives/96/" "Mozilla/5.0 (Macintosh; Intel Mac OS X 10_11_2) AppleWebKit/537.36 (KHTML, like Gecko) Chrome/47.0.2526.106 Safari/537.36"
119.131.143.172 - - [11/Jan/2016:23:54:42 +0800] "GET / HTTP/1.1" 200 3710 "http://www.winecat.me/index.php/archives/96/" "Mozilla/5.0 (Macintosh; Intel Mac OS X 10_11_2) AppleWebKit/537.36 (KHTML, like Gecko) Chrome/47.0.2526.106 Safari/537.36"
119.131.143.172 - - [11/Jan/2016:23:54:44 +0800] "GET /index.php/archives/96/ HTTP/1.1" 200 5538 "http://www.winecat.me/" "Mozilla/5.0 (Macintosh; Intel Mac OS X 10_11_2) AppleWebKit/537.36 (KHTML, like Gecko) Chrome/47.0.2526.106 Safari/537.36"
119.131.143.172 - - [11/Jan/2016:23:54:51 +0800] "GET / HTTP/1.1" 200 3710 "http://www.winecat.me/index.php/archives/96/" "Mozilla/5.0 (Macintosh; Intel Mac OS X 10_11_2) AppleWebKit/537.36 (KHTML, like Gecko) Chrome/47.0.2526.106 Safari/537.36"
119.131.143.172 - - [11/Jan/2016:23:54:59 +0800] "GET /admin/manage-posts.php?page=2 HTTP/1.1" 200 4169 "http://winecat.me/admin/manage-posts.php?page=1" "Mozilla/5.0 (Macintosh; Intel Mac OS X 10_11_2) AppleWebKit/537.36 (KHTML, like Gecko) Chrome/47.0.2526.106 Safari/537.36"
119.131.143.172 - - [11/Jan/2016:23:55:03 +0800] "GET /admin/options-general.php HTTP/1.1" 200 5004 "http://winecat.me/admin/manage-posts.php?page=2" "Mozilla/5.0 (Macintosh; Intel Mac OS X 10_11_2) AppleWebKit/537.36 (KHTML, like Gecko) Chrome/47.0.2526.106 Safari/537.36"
119.131.143.172 - - [11/Jan/2016:23:55:08 +0800] "GET /admin/index.php HTTP/1.1" 200 4284 "http://winecat.me/admin/options-general.php" "Mozilla/5.0 (Macintosh; Intel Mac OS X 10_11_2) AppleWebKit/537.36 (KHTML, like Gecko) Chrome/47.0.2526.106 Safari/537.36"
119.131.143.172 - - [11/Jan/2016:23:55:08 +0800] "GET /index.php/action/ajax?do=feed HTTP/1.1" 200 12 "http://winecat.me/admin/index.php" "Mozilla/5.0 (Macintosh; Intel Mac OS X 10_11_2) AppleWebKit/537.36 (KHTML, like Gecko) Chrome/47.0.2526.106 Safari/537.36"
119.131.143.172 - - [11/Jan/2016:23:55:10 +0800] "GET /index.php/action/ajax?do=checkVersion HTTP/1.1" 500 1061 "http://winecat.me/admin/index.php" "Mozilla/5.0 (Macintosh; Intel Mac OS X 10_11_2) AppleWebKit/537.36 (KHTML, like Gecko) Chrome/47.0.2526.106 Safari/537.36"
119.131.143.172 - - [11/Jan/2016:23:55:15 +0800] "GET / HTTP/1.1" 200 3710 "http://www.winecat.me/index.php/archives/96/" "Mozilla/5.0 (Macintosh; Intel Mac OS X 10_11_2) AppleWebKit/537.36 (KHTML, like Gecko) Chrome/47.0.2526.106 Safari/537.36"
119.131.143.172 - - [11/Jan/2016:23:55:15 +0800] "GET /usr/themes/default/grid.css HTTP/1.1" 304 0 "http://www.winecat.me/" "Mozilla/5.0 (Macintosh; Intel Mac OS X 10_11_2) AppleWebKit/537.36 (KHTML, like Gecko) Chrome/47.0.2526.106 Safari/537.36"
119.131.143.172 - - [11/Jan/2016:23:55:15 +0800] "GET /usr/themes/default/style.css HTTP/1.1" 304 0 "http://www.winecat.me/" "Mozilla/5.0 (Macintosh; Intel Mac OS X 10_11_2) AppleWebKit/537.36 (KHTML, like Gecko) Chrome/47.0.2526.106 Safari/537.36"
119.131.143.172 - - [11/Jan/2016:23:55:15 +0800] "GET /usr/themes/default/img/icon-search.png HTTP/1.1" 304 0 "http://www.winecat.me/" "Mozilla/5.0 (Macintosh; Intel Mac OS X 10_11_2) AppleWebKit/537.36 (KHTML, like Gecko) Chrome/47.0.2526.106 Safari/537.36"
119.131.143.172 - - [11/Jan/2016:23:55:15 +0800] "GET /favicon.ico HTTP/1.1" 200 4286 "http://www.winecat.me/" "Mozilla/5.0 (Macintosh; Intel Mac OS X 10_11_2) AppleWebKit/537.36 (KHTML, like Gecko) Chrome/47.0.2526.106 Safari/537.36"
119.131.143.172 - - [11/Jan/2016:23:55:18 +0800] "GET / HTTP/1.1" 200 3710 "http://www.winecat.me/index.php/archives/96/" "Mozilla/5.0 (Macintosh; Intel Mac OS X 10_11_2) AppleWebKit/537.36 (KHTML, like Gecko) Chrome/47.0.2526.106 Safari/537.36"
119.131.143.172 - - [11/Jan/2016:23:55:18 +0800] "GET /usr/themes/default/grid.css HTTP/1.1" 304 0 "http://www.winecat.me/" "Mozilla/5.0 (Macintosh; Intel Mac OS X 10_11_2) AppleWebKit/537.36 (KHTML, like Gecko) Chrome/47.0.2526.106 Safari/537.36"
119.131.143.172 - - [11/Jan/2016:23:55:18 +0800] "GET /usr/themes/default/style.css HTTP/1.1" 304 0 "http://www.winecat.me/" "Mozilla/5.0 (Macintosh; Intel Mac OS X 10_11_2) AppleWebKit/537.36 (KHTML, like Gecko) Chrome/47.0.2526.106 Safari/537.36"
119.131.143.172 - - [11/Jan/2016:23:55:18 +0800] "GET /usr/themes/default/img/icon-search.png HTTP/1.1" 304 0 "http://www.winecat.me/" "Mozilla/5.0 (Macintosh; Intel Mac OS X 10_11_2) AppleWebKit/537.36 (KHTML, like Gecko) Chrome/47.0.2526.106 Safari/537.36"
119.131.143.172 - - [11/Jan/2016:23:55:19 +0800] "GET /favicon.ico HTTP/1.1" 200 4286 "http://www.winecat.me/" "Mozilla/5.0 (Macintosh; Intel Mac OS X 10_11_2) AppleWebKit/537.36 (KHTML, like Gecko) Chrome/47.0.2526.106 Safari/537.36"
119.131.143.172 - - [11/Jan/2016:23:55:22 +0800] "GET /index.php/archives/96/ HTTP/1.1" 200 5519 "http://www.winecat.me/" "Mozilla/5.0 (Macintosh; Intel Mac OS X 10_11_2) AppleWebKit/537.36 (KHTML, like Gecko) Chrome/47.0.2526.106 Safari/537.36"
119.131.143.172 - - [11/Jan/2016:23:55:22 +0800] "GET /usr/uploads/2016/01/3277901955.jpg HTTP/1.1" 304 0 "http://www.winecat.me/index.php/archives/96/" "Mozilla/5.0 (Macintosh; Intel Mac OS X 10_11_2) AppleWebKit/537.36 (KHTML, like Gecko) Chrome/47.0.2526.106 Safari/537.36"
119.131.143.172 - - [11/Jan/2016:23:55:39 +0800] "GET /index.php/archives/94/ HTTP/1.1" 200 5038 "http://www.winecat.me/" "Mozilla/5.0 (Macintosh; Intel Mac OS X 10_11_2) AppleWebKit/537.36 (KHTML, like Gecko) Chrome/47.0.2526.106 Safari/537.36"
119.131.143.172 - - [11/Jan/2016:23:55:43 +0800] "GET /index.php/about HTTP/1.1" 200 4987 "http://www.winecat.me/" "Mozilla/5.0 (Macintosh; Intel Mac OS X 10_11_2) AppleWebKit/537.36 (KHTML, like Gecko) Chrome/47.0.2526.106 Safari/537.36"
119.131.143.172 - - [11/Jan/2016:23:55:44 +0800] "GET / HTTP/1.1" 200 3710 "http://www.winecat.me/index.php/about" "Mozilla/5.0 (Macintosh; Intel Mac OS X 10_11_2) AppleWebKit/537.36 (KHTML, like Gecko) Chrome/47.0.2526.106 Safari/537.36"
119.131.143.172 - - [11/Jan/2016:23:55:58 +0800] "GET /index.php/about HTTP/1.1" 200 4999 "http://www.winecat.me/" "Mozilla/5.0 (Macintosh; Intel Mac OS X 10_11_2) AppleWebKit/537.36 (KHTML, like Gecko) Chrome/47.0.2526.106 Safari/537.36"
119.131.143.172 - - [11/Jan/2016:23:56:01 +0800] "GET / HTTP/1.1" 200 3710 "http://www.winecat.me/index.php/about" "Mozilla/5.0 (Macintosh; Intel Mac OS X 10_11_2) AppleWebKit/537.36 (KHTML, like Gecko) Chrome/47.0.2526.106 Safari/537.36"
203.208.60.15 - - [11/Jan/2016:23:57:48 +0800] "GET /sitemap.xml HTTP/1.1" 404 2016 "-" "Mozilla/5.0 (compatible; Googlebot/2.1; +http://www.google.com/bot.html)"
119.131.143.172 - - [12/Jan/2016:00:06:42 +0800] "GET / HTTP/1.1" 200 3710 "http://www.winecat.me/index.php/about" "Mozilla/5.0 (Macintosh; Intel Mac OS X 10_11_2) AppleWebKit/537.36 (KHTML, like Gecko) Chrome/47.0.2526.106 Safari/537.36"
183.79.221.200 - - [12/Jan/2016:00:15:43 +0800] "GET /index.php/category/other/ HTTP/1.0" 200 14293 "-" "Y!J-ASR/0.1 crawler (http://www.yahoo-help.jp/app/answers/detail/p/595/a_id/42716/)"
183.79.221.200 - - [12/Jan/2016:00:19:28 +0800] "GET /index.php/2015/04/ HTTP/1.0" 200 13377 "-" "Y!J-ASR/0.1 crawler (http://www.yahoo-help.jp/app/answers/detail/p/595/a_id/42716/)"
183.79.221.200 - - [12/Jan/2016:00:20:30 +0800] "GET /index.php/action/xmlrpc HTTP/1.0" 200 42 "-" "Y!J-ASR/0.1 crawler (http://www.yahoo-help.jp/app/answers/detail/p/595/a_id/42716/)"
119.131.143.172 - - [12/Jan/2016:00:22:11 +0800] "GET /index.php/archives/96/ HTTP/1.1" 200 5600 "http://www.winecat.me/" "Mozilla/5.0 (Macintosh; Intel Mac OS X 10_11_2) AppleWebKit/537.36 (KHTML, like Gecko) Chrome/47.0.2526.106 Safari/537.36"
119.131.143.172 - - [12/Jan/2016:00:22:12 +0800] "GET /usr/uploads/2016/01/3277901955.jpg HTTP/1.1" 304 0 "http://www.winecat.me/index.php/archives/96/" "Mozilla/5.0 (Macintosh; Intel Mac OS X 10_11_2) AppleWebKit/537.36 (KHTML, like Gecko) Chrome/47.0.2526.106 Safari/537.36"
119.131.143.172 - - [12/Jan/2016:00:22:18 +0800] "GET /index.php/archives/64/ HTTP/1.1" 200 5891 "http://www.winecat.me/" "Mozilla/5.0 (Macintosh; Intel Mac OS X 10_11_2) AppleWebKit/537.36 (KHTML, like Gecko) Chrome/47.0.2526.106 Safari/537.36"
119.131.143.172 - - [12/Jan/2016:00:22:18 +0800] "GET /usr/uploads/2016/01/2486011817.png HTTP/1.1" 304 0 "http://www.winecat.me/index.php/archives/64/" "Mozilla/5.0 (Macintosh; Intel Mac OS X 10_11_2) AppleWebKit/537.36 (KHTML, like Gecko) Chrome/47.0.2526.106 Safari/537.36"
119.131.143.172 - - [12/Jan/2016:00:22:18 +0800] "GET /usr/uploads/2016/01/1254804627.png HTTP/1.1" 304 0 "http://www.winecat.me/index.php/archives/64/" "Mozilla/5.0 (Macintosh; Intel Mac OS X 10_11_2) AppleWebKit/537.36 (KHTML, like Gecko) Chrome/47.0.2526.106 Safari/537.36"
119.131.143.172 - - [12/Jan/2016:00:22:18 +0800] "GET /usr/uploads/2016/01/1685548906.png HTTP/1.1" 304 0 "http://www.winecat.me/index.php/archives/64/" "Mozilla/5.0 (Macintosh; Intel Mac OS X 10_11_2) AppleWebKit/537.36 (KHTML, like Gecko) Chrome/47.0.2526.106 Safari/537.36"
119.131.143.172 - - [12/Jan/2016:00:22:18 +0800] "GET /usr/uploads/2016/01/417004453.png HTTP/1.1" 304 0 "http://www.winecat.me/index.php/archives/64/" "Mozilla/5.0 (Macintosh; Intel Mac OS X 10_11_2) AppleWebKit/537.36 (KHTML, like Gecko) Chrome/47.0.2526.106 Safari/537.36"
119.131.143.172 - - [12/Jan/2016:00:22:18 +0800] "GET /usr/uploads/2016/01/3960181216.png HTTP/1.1" 304 0 "http://www.winecat.me/index.php/archives/64/" "Mozilla/5.0 (Macintosh; Intel Mac OS X 10_11_2) AppleWebKit/537.36 (KHTML, like Gecko) Chrome/47.0.2526.106 Safari/537.36"
119.131.143.172 - - [12/Jan/2016:00:22:18 +0800] "GET /usr/uploads/2016/01/766464091.png HTTP/1.1" 304 0 "http://www.winecat.me/index.php/archives/64/" "Mozilla/5.0 (Macintosh; Intel Mac OS X 10_11_2) AppleWebKit/537.36 (KHTML, like Gecko) Chrome/47.0.2526.106 Safari/537.36"
119.131.143.172 - - [12/Jan/2016:00:22:18 +0800] "GET /usr/uploads/2016/01/3749283331.png HTTP/1.1" 304 0 "http://www.winecat.me/index.php/archives/64/" "Mozilla/5.0 (Macintosh; Intel Mac OS X 10_11_2) AppleWebKit/537.36 (KHTML, like Gecko) Chrome/47.0.2526.106 Safari/537.36"
119.131.143.172 - - [12/Jan/2016:00:22:24 +0800] "GET /index.php/page/2/ HTTP/1.1" 200 4231 "http://www.winecat.me/" "Mozilla/5.0 (Macintosh; Intel Mac OS X 10_11_2) AppleWebKit/537.36 (KHTML, like Gecko) Chrome/47.0.2526.106 Safari/537.36"
141.8.132.26 - - [12/Jan/2016:00:23:23 +0800] "GET /index.php/archives/1/ HTTP/1.1" 200 4760 "-" "Mozilla/5.0 (compatible; YandexBot/3.0; +http://yandex.com/bots)"
183.79.221.200 - - [12/Jan/2016:00:26:54 +0800] "GET /index.php/2016/01/ HTTP/1.0" 200 13222 "-" "Y!J-ASR/0.1 crawler (http://www.yahoo-help.jp/app/answers/detail/p/595/a_id/42716/)"
183.79.221.200 - - [12/Jan/2016:00:41:27 +0800] "GET /index.php/about HTTP/1.0" 200 14227 "-" "Y!J-ASR/0.1 crawler (http://www.yahoo-help.jp/app/answers/detail/p/595/a_id/42716/)"
203.208.60.3 - - [12/Jan/2016:00:54:01 +0800] "GET /author/winecat/ HTTP/1.1" 404 2016 "-" "Mozilla/5.0 (compatible; Googlebot/2.1; +http://www.google.com/bot.html)"
203.208.60.3 - - [12/Jan/2016:00:54:02 +0800] "GET /author/ HTTP/1.1" 404 2016 "-" "Mozilla/5.0 (compatible; Googlebot/2.1; +http://www.google.com/bot.html)"
203.208.60.3 - - [12/Jan/2016:00:54:05 +0800] "GET /zheng-ti-bu-shu-suan-shi-wan-cheng-liao/ HTTP/1.1" 404 2016 "-" "Mozilla/5.0 (compatible; Googlebot/2.1; +http://www.google.com/bot.html)"
203.208.60.3 - - [12/Jan/2016:00:54:05 +0800] "GET /tag/getting-started/ HTTP/1.1" 404 2016 "-" "Mozilla/5.0 (compatible; Googlebot/2.1; +http://www.google.com/bot.html)"
95.108.158.155 - - [12/Jan/2016:00:56:01 +0800] "GET /index.php/category/other/ HTTP/1.1" 200 4356 "-" "Mozilla/5.0 (compatible; YandexBot/3.0; +http://yandex.com/bots)"
183.79.221.200 - - [12/Jan/2016:00:57:37 +0800] "GET /admin/login.php HTTP/1.0" 200 6707 "-" "Y!J-ASR/0.1 crawler (http://www.yahoo-help.jp/app/answers/detail/p/595/a_id/42716/)"
183.79.221.200 - - [12/Jan/2016:01:07:24 +0800] "GET /index.php/2015/05/ HTTP/1.0" 200 10987 "-" "Y!J-ASR/0.1 crawler (http://www.yahoo-help.jp/app/answers/detail/p/595/a_id/42716/)"
183.79.221.200 - - [12/Jan/2016:01:10:23 +0800] "GET /index.php/2015/08/ HTTP/1.0" 200 8067 "-" "Y!J-ASR/0.1 crawler (http://www.yahoo-help.jp/app/answers/detail/p/595/a_id/42716/)"
106.44.203.9 - - [12/Jan/2016:01:15:38 +0800] "GET / HTTP/1.1" 200 3710 "http://forum.typecho.org/viewtopic.php?f=19&t=9110" "Mozilla/5.0 (Windows NT 6.1) AppleWebKit/537.36 (KHTML, like Gecko) Chrome/45.0.2454.101 Safari/537.36"
106.44.203.9 - - [12/Jan/2016:01:15:38 +0800] "GET /usr/themes/default/style.css HTTP/1.1" 304 0 "http://www.winecat.me/" "Mozilla/5.0 (Windows NT 6.1) AppleWebKit/537.36 (KHTML, like Gecko) Chrome/45.0.2454.101 Safari/537.36"
106.44.203.9 - - [12/Jan/2016:01:15:46 +0800] "GET /index.php/about HTTP/1.1" 200 4957 "http://www.winecat.me/" "Mozilla/5.0 (Windows NT 6.1) AppleWebKit/537.36 (KHTML, like Gecko) Chrome/45.0.2454.101 Safari/537.36"
183.79.221.200 - - [12/Jan/2016:01:19:09 +0800] "GET /index.php/2015/10/ HTTP/1.0" 200 8252 "-" "Y!J-ASR/0.1 crawler (http://www.yahoo-help.jp/app/answers/detail/p/595/a_id/42716/)"
130.193.51.47 - - [12/Jan/2016:01:32:35 +0800] "GET /robots.txt HTTP/1.1" 404 5241 "-" "Mozilla/5.0 (compatible; YandexBot/3.0; +http://yandex.com/bots)"
130.193.51.47 - - [12/Jan/2016:01:39:42 +0800] "GET /index.php/feed/ HTTP/1.1" 200 11548 "-" "Mozilla/5.0 (compatible; YandexBot/3.0; +http://yandex.com/bots)"
130.193.51.47 - - [12/Jan/2016:01:43:21 +0800] "GET /admin/login.php HTTP/1.1" 200 2265 "-" "Mozilla/5.0 (compatible; YandexBot/3.0; +http://yandex.com/bots)"
130.193.51.47 - - [12/Jan/2016:01:45:53 +0800] "GET / HTTP/1.1" 200 3710 "-" "Mozilla/5.0 (compatible; YandexBot/3.0; +http://yandex.com/bots)"
130.193.51.47 - - [12/Jan/2016:01:46:47 +0800] "GET /index.php/archives/64/ HTTP/1.1" 200 5946 "-" "Mozilla/5.0 (compatible; YandexBot/3.0; +http://yandex.com/bots)"
130.193.51.47 - - [12/Jan/2016:01:47:06 +0800] "GET /index.php/category/self/ HTTP/1.1" 200 3695 "-" "Mozilla/5.0 (compatible; YandexBot/3.0; +http://yandex.com/bots)"
203.208.60.19 - - [12/Jan/2016:02:06:02 +0800] "GET / HTTP/1.1" 200 3710 "-" "Mozilla/5.0 (iPhone; CPU iPhone OS 8_3 like Mac OS X) AppleWebKit/600.1.4 (KHTML, like Gecko) Version/8.0 Mobile/12F70 Safari/600.1.4 (compatible; Googlebot/2.1; +http://www.google.com/bot.html)"
203.208.60.13 - - [12/Jan/2016:04:34:27 +0800] "GET /robots.txt HTTP/1.1" 404 2016 "-" "Mozilla/5.0 (compatible; Googlebot/2.1; +http://www.google.com/bot.html)"
183.192.242.241 - - [12/Jan/2016:04:39:34 +0800] "GET / HTTP/1.1" 200 3710 "http://forum.typecho.org/viewtopic.php?f=19&t=9110" "Mozilla/5.0 (Windows NT 10.0; WOW64) AppleWebKit/537.36 (KHTML, like Gecko) Chrome/45.0.2454.87 Safari/537.36 QQBrowser/9.2.5748.400"
183.192.242.241 - - [12/Jan/2016:04:39:34 +0800] "GET /usr/themes/default/grid.css HTTP/1.1" 200 5670 "http://www.winecat.me/" "Mozilla/5.0 (Windows NT 10.0; WOW64) AppleWebKit/537.36 (KHTML, like Gecko) Chrome/45.0.2454.87 Safari/537.36 QQBrowser/9.2.5748.400"
183.192.242.241 - - [12/Jan/2016:04:39:34 +0800] "GET /usr/themes/default/style.css HTTP/1.1" 200 5468 "http://www.winecat.me/" "Mozilla/5.0 (Windows NT 10.0; WOW64) AppleWebKit/537.36 (KHTML, like Gecko) Chrome/45.0.2454.87 Safari/537.36 QQBrowser/9.2.5748.400"
183.192.242.241 - - [12/Jan/2016:04:39:34 +0800] "GET /usr/themes/default/img/icon-search.png HTTP/1.1" 200 303 "http://www.winecat.me/usr/themes/default/style.css" "Mozilla/5.0 (Windows NT 10.0; WOW64) AppleWebKit/537.36 (KHTML, like Gecko) Chrome/45.0.2454.87 Safari/537.36 QQBrowser/9.2.5748.400"
183.192.242.241 - - [12/Jan/2016:04:39:34 +0800] "GET /favicon.ico HTTP/1.1" 200 4286 "http://www.winecat.me/" "Mozilla/5.0 (Windows NT 10.0; WOW64) AppleWebKit/537.36 (KHTML, like Gecko) Chrome/45.0.2454.87 Safari/537.36 QQBrowser/9.2.5748.400"
130.193.51.47 - - [12/Jan/2016:05:59:59 +0800] "GET /index.php/2016/01/ HTTP/1.1" 200 3676 "-" "Mozilla/5.0 (compatible; YandexBot/3.0; +http://yandex.com/bots)"
130.193.51.47 - - [12/Jan/2016:07:06:03 +0800] "GET /index.php/author/1/ HTTP/1.1" 200 3778 "-" "Mozilla/5.0 (compatible; YandexBot/3.0; +http://yandex.com/bots)"
119.131.143.172 - - [12/Jan/2016:08:10:07 +0800] "GET /index.php/page/2/ HTTP/1.1" 200 4231 "http://www.winecat.me/" "Mozilla/5.0 (Macintosh; Intel Mac OS X 10_11_2) AppleWebKit/537.36 (KHTML, like Gecko) Chrome/47.0.2526.106 Safari/537.36"
119.131.143.172 - - [12/Jan/2016:08:10:07 +0800] "GET /usr/themes/default/grid.css HTTP/1.1" 304 0 "http://www.winecat.me/index.php/page/2/" "Mozilla/5.0 (Macintosh; Intel Mac OS X 10_11_2) AppleWebKit/537.36 (KHTML, like Gecko) Chrome/47.0.2526.106 Safari/537.36"
119.131.143.172 - - [12/Jan/2016:08:10:07 +0800] "GET /usr/themes/default/style.css HTTP/1.1" 304 0 "http://www.winecat.me/index.php/page/2/" "Mozilla/5.0 (Macintosh; Intel Mac OS X 10_11_2) AppleWebKit/537.36 (KHTML, like Gecko) Chrome/47.0.2526.106 Safari/537.36"
119.131.143.172 - - [12/Jan/2016:08:10:07 +0800] "GET /usr/themes/default/img/icon-search.png HTTP/1.1" 304 0 "http://www.winecat.me/index.php/page/2/" "Mozilla/5.0 (Macintosh; Intel Mac OS X 10_11_2) AppleWebKit/537.36 (KHTML, like Gecko) Chrome/47.0.2526.106 Safari/537.36"
119.131.143.172 - - [12/Jan/2016:08:10:07 +0800] "GET /favicon.ico HTTP/1.1" 200 4286 "http://www.winecat.me/index.php/page/2/" "Mozilla/5.0 (Macintosh; Intel Mac OS X 10_11_2) AppleWebKit/537.36 (KHTML, like Gecko) Chrome/47.0.2526.106 Safari/537.36"
119.131.143.172 - - [12/Jan/2016:08:10:08 +0800] "GET /index.php/about HTTP/1.1" 200 4907 "http://www.winecat.me/index.php/page/2/" "Mozilla/5.0 (Macintosh; Intel Mac OS X 10_11_2) AppleWebKit/537.36 (KHTML, like Gecko) Chrome/47.0.2526.106 Safari/537.36"
119.131.143.172 - - [12/Jan/2016:08:11:44 +0800] "GET /index.php/about HTTP/1.1" 200 4920 "http://www.winecat.me/index.php/page/2/" "Mozilla/5.0 (Macintosh; Intel Mac OS X 10_11_2) AppleWebKit/537.36 (KHTML, like Gecko) Chrome/47.0.2526.106 Safari/537.36"
119.131.143.172 - - [12/Jan/2016:08:11:44 +0800] "GET /usr/themes/default/grid.css HTTP/1.1" 304 0 "http://www.winecat.me/index.php/about" "Mozilla/5.0 (Macintosh; Intel Mac OS X 10_11_2) AppleWebKit/537.36 (KHTML, like Gecko) Chrome/47.0.2526.106 Safari/537.36"
119.131.143.172 - - [12/Jan/2016:08:11:44 +0800] "GET /usr/themes/default/style.css HTTP/1.1" 304 0 "http://www.winecat.me/index.php/about" "Mozilla/5.0 (Macintosh; Intel Mac OS X 10_11_2) AppleWebKit/537.36 (KHTML, like Gecko) Chrome/47.0.2526.106 Safari/537.36"
119.131.143.172 - - [12/Jan/2016:08:11:44 +0800] "GET /usr/themes/default/img/icon-search.png HTTP/1.1" 304 0 "http://www.winecat.me/index.php/about" "Mozilla/5.0 (Macintosh; Intel Mac OS X 10_11_2) AppleWebKit/537.36 (KHTML, like Gecko) Chrome/47.0.2526.106 Safari/537.36"
119.131.143.172 - - [12/Jan/2016:08:11:44 +0800] "GET /favicon.ico HTTP/1.1" 200 4286 "http://www.winecat.me/index.php/about" "Mozilla/5.0 (Macintosh; Intel Mac OS X 10_11_2) AppleWebKit/537.36 (KHTML, like Gecko) Chrome/47.0.2526.106 Safari/537.36"
119.131.143.172 - - [12/Jan/2016:08:12:27 +0800] "GET /index.php/about HTTP/1.1" 200 4996 "http://www.winecat.me/index.php/about" "Mozilla/5.0 (Macintosh; Intel Mac OS X 10_11_2) AppleWebKit/537.36 (KHTML, like Gecko) Chrome/47.0.2526.106 Safari/537.36"
119.131.143.172 - - [12/Jan/2016:08:12:29 +0800] "GET / HTTP/1.1" 200 3710 "http://www.winecat.me/index.php/about" "Mozilla/5.0 (Macintosh; Intel Mac OS X 10_11_2) AppleWebKit/537.36 (KHTML, like Gecko) Chrome/47.0.2526.106 Safari/537.36"
119.131.143.172 - - [12/Jan/2016:08:12:31 +0800] "GET /index.php/archives/96/ HTTP/1.1" 200 5634 "http://www.winecat.me/" "Mozilla/5.0 (Macintosh; Intel Mac OS X 10_11_2) AppleWebKit/537.36 (KHTML, like Gecko) Chrome/47.0.2526.106 Safari/537.36"
119.131.143.172 - - [12/Jan/2016:08:12:31 +0800] "GET /usr/uploads/2016/01/3277901955.jpg HTTP/1.1" 304 0 "http://www.winecat.me/index.php/archives/96/" "Mozilla/5.0 (Macintosh; Intel Mac OS X 10_11_2) AppleWebKit/537.36 (KHTML, like Gecko) Chrome/47.0.2526.106 Safari/537.36"
119.131.143.172 - - [12/Jan/2016:08:12:39 +0800] "GET / HTTP/1.1" 200 3710 "http://www.winecat.me/index.php/archives/96/" "Mozilla/5.0 (Macintosh; Intel Mac OS X 10_11_2) AppleWebKit/537.36 (KHTML, like Gecko) Chrome/47.0.2526.106 Safari/537.36"
119.131.143.172 - - [12/Jan/2016:08:13:55 +0800] "GET /tag/getting-started/ HTTP/1.1" 404 2016 "https://www.google.com/" "Mozilla/5.0 (Macintosh; Intel Mac OS X 10_11_2) AppleWebKit/537.36 (KHTML, like Gecko) Chrome/47.0.2526.106 Safari/537.36"
119.131.143.172 - - [12/Jan/2016:08:14:00 +0800] "GET /author/winecat/ HTTP/1.1" 404 2016 "https://www.google.com/" "Mozilla/5.0 (Macintosh; Intel Mac OS X 10_11_2) AppleWebKit/537.36 (KHTML, like Gecko) Chrome/47.0.2526.106 Safari/537.36"
119.131.143.172 - - [12/Jan/2016:08:14:21 +0800] "GET /zheng-ti-bu-shu-suan-shi-wan-cheng-liao/ HTTP/1.1" 404 2016 "https://www.google.com/" "Mozilla/5.0 (Macintosh; Intel Mac OS X 10_11_2) AppleWebKit/537.36 (KHTML, like Gecko) Chrome/47.0.2526.106 Safari/537.36"
119.131.143.172 - - [12/Jan/2016:08:14:28 +0800] "GET /author/ HTTP/1.1" 404 2016 "https://www.google.com/" "Mozilla/5.0 (Macintosh; Intel Mac OS X 10_11_2) AppleWebKit/537.36 (KHTML, like Gecko) Chrome/47.0.2526.106 Safari/537.36"
119.131.143.172 - - [12/Jan/2016:08:14:31 +0800] "GET / HTTP/1.1" 200 3710 "https://www.google.com/" "Mozilla/5.0 (Macintosh; Intel Mac OS X 10_11_2) AppleWebKit/537.36 (KHTML, like Gecko) Chrome/47.0.2526.106 Safari/537.36"
119.131.143.172 - - [12/Jan/2016:08:14:33 +0800] "GET /index.php/about HTTP/1.1" 200 4867 "http://www.winecat.me/" "Mozilla/5.0 (Macintosh; Intel Mac OS X 10_11_2) AppleWebKit/537.36 (KHTML, like Gecko) Chrome/47.0.2526.106 Safari/537.36"
119.131.143.172 - - [12/Jan/2016:08:14:34 +0800] "GET / HTTP/1.1" 200 3710 "http://www.winecat.me/index.php/about" "Mozilla/5.0 (Macintosh; Intel Mac OS X 10_11_2) AppleWebKit/537.36 (KHTML, like Gecko) Chrome/47.0.2526.106 Safari/537.36"
130.193.51.47 - - [12/Jan/2016:08:32:58 +0800] "GET /robots.txt HTTP/1.1" 404 5241 "-" "Mozilla/5.0 (compatible; YandexBot/3.0; +http://yandex.com/bots)"
203.208.60.4 - - [12/Jan/2016:09:08:59 +0800] "GET /peng-you-de-yu-ming-bei-an-cheng-gong-80duan-kou-kai-fang-liao-blogye-zhong-yu-qiao-ding-liao/ HTTP/1.1" 404 2016 "-" "Mozilla/5.0 (iPhone; CPU iPhone OS 8_3 like Mac OS X) AppleWebKit/600.1.4 (KHTML, like Gecko) Version/8.0 Mobile/12F70 Safari/600.1.4 (compatible; Googlebot/2.1; +http://www.google.com/bot.html)"
130.193.51.47 - - [12/Jan/2016:09:25:51 +0800] "GET /index.php/about HTTP/1.1" 200 4875 "-" "Mozilla/5.0 (compatible; YandexBot/3.0; +http://yandex.com/bots)"
112.90.11.79 - - [12/Jan/2016:10:01:41 +0800] "GET / HTTP/1.1" 200 13437 "-" "Mozilla/5.0 (Linux; U; Android 4.4.2; zh-cn; GT-I9500 Build/KOT49H) AppleWebKit/537.36 (KHTML, like Gecko)Version/4.0 MQQBrowser/5.0 QQ-URL-Manager Mobile Safari/537.36"
180.153.163.205 - - [12/Jan/2016:10:07:36 +0800] "GET / HTTP/1.1" 200 3710 "-" "Mozilla/5.0 (Windows NT 6.1) AppleWebKit/537.36 (KHTML, like Gecko) Chrome/31.0.1650.63 Safari/537.36"
180.153.163.205 - - [12/Jan/2016:10:07:36 +0800] "GET /usr/themes/default/grid.css HTTP/1.1" 200 5670 "http://www.winecat.me/" "Mozilla/5.0 (Windows NT 6.1) AppleWebKit/537.36 (KHTML, like Gecko) Chrome/31.0.1650.63 Safari/537.36"
180.153.163.205 - - [12/Jan/2016:10:07:36 +0800] "GET /usr/themes/default/style.css HTTP/1.1" 200 5468 "http://www.winecat.me/" "Mozilla/5.0 (Windows NT 6.1) AppleWebKit/537.36 (KHTML, like Gecko) Chrome/31.0.1650.63 Safari/537.36"
180.153.163.205 - - [12/Jan/2016:10:07:36 +0800] "GET /usr/themes/default/img/icon-search.png HTTP/1.1" 200 303 "http://www.winecat.me/" "Mozilla/5.0 (Windows NT 6.1) AppleWebKit/537.36 (KHTML, like Gecko) Chrome/31.0.1650.63 Safari/537.36"
39.83.123.51 - - [12/Jan/2016:10:18:08 +0800] "GET / HTTP/1.1" 200 3710 "http://forum.typecho.org/viewtopic.php?f=19&t=9110" "Mozilla/5.0 (Windows NT 6.1; Trident/7.0; rv:11.0) like Gecko"
39.83.123.51 - - [12/Jan/2016:10:18:08 +0800] "GET /usr/themes/default/grid.css HTTP/1.1" 200 5670 "http://www.winecat.me/" "Mozilla/5.0 (Windows NT 6.1; Trident/7.0; rv:11.0) like Gecko"
39.83.123.51 - - [12/Jan/2016:10:18:08 +0800] "GET /usr/themes/default/style.css HTTP/1.1" 200 5468 "http://www.winecat.me/" "Mozilla/5.0 (Windows NT 6.1; Trident/7.0; rv:11.0) like Gecko"
39.83.123.51 - - [12/Jan/2016:10:18:08 +0800] "GET /usr/themes/default/img/icon-search.png HTTP/1.1" 200 303 "http://www.winecat.me/" "Mozilla/5.0 (Windows NT 6.1; Trident/7.0; rv:11.0) like Gecko"
39.83.123.51 - - [12/Jan/2016:10:18:09 +0800] "GET /favicon.ico HTTP/1.1" 200 4286 "-" "Mozilla/5.0 (Windows NT 6.1; Trident/7.0; rv:11.0) like Gecko"
39.83.123.51 - - [12/Jan/2016:10:18:12 +0800] "GET /index.php/archives/1/ HTTP/1.1" 200 4777 "http://www.winecat.me/" "Mozilla/5.0 (Windows NT 6.1; Trident/7.0; rv:11.0) like Gecko"
39.83.123.51 - - [12/Jan/2016:10:18:12 +0800] "GET /usr/uploads/2016/01/1636898397.jpg HTTP/1.1" 200 9596 "http://www.winecat.me/index.php/archives/1/" "Mozilla/5.0 (Windows NT 6.1; Trident/7.0; rv:11.0) like Gecko"
39.83.123.51 - - [12/Jan/2016:10:18:29 +0800] "GET /index.php/about HTTP/1.1" 200 4988 "http://www.winecat.me/" "Mozilla/5.0 (Windows NT 6.1; Trident/7.0; rv:11.0) like Gecko"
114.95.162.89 - - [12/Jan/2016:10:27:31 +0800] "GET / HTTP/1.1" 200 3710 "http://forum.typecho.org/viewtopic.php?f=19&t=9110" "Mozilla/5.0 (Windows NT 10.0; WOW64) AppleWebKit/537.36 (KHTML, like Gecko) Chrome/42.0.2311.152 Safari/537.36 LBBROWSER"
114.95.162.89 - - [12/Jan/2016:10:27:31 +0800] "GET /usr/themes/default/grid.css HTTP/1.1" 200 5670 "http://www.winecat.me/" "Mozilla/5.0 (Windows NT 10.0; WOW64) AppleWebKit/537.36 (KHTML, like Gecko) Chrome/42.0.2311.152 Safari/537.36 LBBROWSER"
114.95.162.89 - - [12/Jan/2016:10:27:31 +0800] "GET /usr/themes/default/style.css HTTP/1.1" 200 5468 "http://www.winecat.me/" "Mozilla/5.0 (Windows NT 10.0; WOW64) AppleWebKit/537.36 (KHTML, like Gecko) Chrome/42.0.2311.152 Safari/537.36 LBBROWSER"
114.95.162.89 - - [12/Jan/2016:10:27:31 +0800] "GET /usr/themes/default/img/icon-search.png HTTP/1.1" 200 303 "http://www.winecat.me/usr/themes/default/style.css" "Mozilla/5.0 (Windows NT 10.0; WOW64) AppleWebKit/537.36 (KHTML, like Gecko) Chrome/42.0.2311.152 Safari/537.36 LBBROWSER"
114.95.162.89 - - [12/Jan/2016:10:27:31 +0800] "GET /favicon.ico HTTP/1.1" 200 4286 "http://www.winecat.me/" "Mozilla/5.0 (Windows NT 10.0; WOW64) AppleWebKit/537.36 (KHTML, like Gecko) Chrome/42.0.2311.152 Safari/537.36 LBBROWSER"
114.95.162.89 - - [12/Jan/2016:10:27:42 +0800] "GET /index.php/archives/1/ HTTP/1.1" 200 4784 "http://www.winecat.me/" "Mozilla/5.0 (Windows NT 10.0; WOW64) AppleWebKit/537.36 (KHTML, like Gecko) Chrome/42.0.2311.152 Safari/537.36 LBBROWSER"
114.95.162.89 - - [12/Jan/2016:10:27:42 +0800] "GET /usr/uploads/2016/01/1636898397.jpg HTTP/1.1" 200 9596 "http://www.winecat.me/index.php/archives/1/" "Mozilla/5.0 (Windows NT 10.0; WOW64) AppleWebKit/537.36 (KHTML, like Gecko) Chrome/42.0.2311.152 Safari/537.36 LBBROWSER"
112.64.235.91 - - [12/Jan/2016:10:27:43 +0800] "GET /index.php/archives/1 HTTP/1.1" 301 5 "http://www.winecat.me/" "Mozilla/5.0 (Linux; U; Android 4.4.2; zh-cn; GT-I9500 Build/KOT49H) AppleWebKit/537.36 (KHTML, like Gecko)Version/4.0 MQQBrowser/5.0 QQ-URL-Manager Mobile Safari/537.36"
112.64.235.91 - - [12/Jan/2016:10:27:43 +0800] "GET /index.php/archives/1/ HTTP/1.1" 200 13904 "http://www.winecat.me/" "Mozilla/5.0 (Linux; U; Android 4.4.2; zh-cn; GT-I9500 Build/KOT49H) AppleWebKit/537.36 (KHTML, like Gecko)Version/4.0 MQQBrowser/5.0 QQ-URL-Manager Mobile Safari/537.36"
